// Jest Snapshot v1, https://goo.gl/fbAQLP

exports[`Test suite for the Calculator component Should render a snapshot of the Calculator component 1`] = `
<div
  class="container"
  data-testid="container"
>
  <div
    class="calculator container"
  >
    <input
      class="inputContainer"
      id="myInput"
      name="name"
      pattern="[0-9+\\\\-*/(). ]+"
      type="text"
      value=""
    />
    <div
      class="buttonContainer"
    >
      <button
        class="calculatorButton mathButton"
        type="button"
      >
        AC
      </button>
      <button
        class="calculatorButton mathButton"
        type="button"
      >
        +/-
      </button>
      <button
        class="calculatorButton mathButton"
        type="button"
      >
        %
      </button>
      <button
        class="mathButton calculatorButton operationButton"
        type="button"
      >
        รท
      </button>
      <button
        class="calculatorButton mathButton"
        type="button"
      >
        7
      </button>
      <button
        class="calculatorButton mathButton"
        type="button"
      >
        8
      </button>
      <button
        class="calculatorButton mathButton"
        type="button"
      >
        9
      </button>
      <button
        class="mathButton calculatorButton operationButton"
        type="button"
      >
        x
      </button>
      <button
        class="calculatorButton mathButton"
        type="button"
      >
        4
      </button>
      <button
        class="calculatorButton mathButton"
        type="button"
      >
        5
      </button>
      <button
        class="calculatorButton mathButton"
        type="button"
      >
        6
      </button>
      <button
        class="mathButton calculatorButton operationButton"
        type="button"
      >
        -
      </button>
      <button
        class="calculatorButton mathButton"
        type="button"
      >
        1
      </button>
      <button
        class="calculatorButton mathButton"
        type="button"
      >
        2
      </button>
      <button
        class="calculatorButton mathButton"
        type="button"
      >
        3
      </button>
      <button
        class="mathButton calculatorButton operationButton"
        type="button"
      >
        +
      </button>
      <button
        class="calculatorButton zero mathButton"
        type="button"
      >
        0
      </button>
      <button
        class="calculatorButton mathButton"
        type="button"
      >
        .
      </button>
      <button
        class="mathButton calculatorButton equalsButton"
        type="button"
      >
        =
      </button>
    </div>
  </div>
</div>
`;
