// Jest Snapshot v1, https://goo.gl/fbAQLP

exports[`Test suite for the Home component Should render a snapshot of the Home component 1`] = `
<div
  class="home"
  data-testid="home"
>
  Lorem ipsum dolor sit amet, consectetur adipiscing elit. Proin faucibus, elit eget accumsan congue, ante elit iaculis dolor, eget luctus lorem odio eu leo. Ut eget lacinia mauris. Donec a lectus non diam scelerisque iaculis at ac massa. Nullam laoreet risus odio, vitae euismod ex commodo vel. Suspendisse potenti. Vivamus quis leo eu massa tincidunt semper at ut metus. Nunc finibus, tortor eu pharetra efficitur, tortor odio bibendum tellus, vitae faucibus est eros vel ipsum.
</div>
`;
